{"level":"info","message":{"ip":"::1","method":"GET","timestamp":"2026-02-13T14:49:48.899Z","url":"/posts"},"timestamp":"2026-02-13T14:49:48.901Z"}
{"level":"info","message":{"ip":"::1","method":"GET","timestamp":"2026-02-13T14:50:26.414Z","url":"/posts"},"timestamp":"2026-02-13T14:50:26.414Z"}
{"level":"error","message":"Unexpected token 's', \"sfsfs\" is not valid JSON","stack":"SyntaxError: Unexpected token 's', \"sfsfs\" is not valid JSON\n    at JSON.parse (<anonymous>)\n    at createStrictSyntaxError (C:\\projects\\my-blog\\backend\\node_modules\\body-parser\\lib\\types\\json.js:109:10)\n    at parse (C:\\projects\\my-blog\\backend\\node_modules\\body-parser\\lib\\types\\json.js:66:15)\n    at C:\\projects\\my-blog\\backend\\node_modules\\body-parser\\lib\\read.js:162:18\n    at AsyncResource.runInAsyncScope (node:async_hooks:214:14)\n    at invokeCallback (C:\\projects\\my-blog\\backend\\node_modules\\raw-body\\index.js:238:16)\n    at done (C:\\projects\\my-blog\\backend\\node_modules\\raw-body\\index.js:227:7)\n    at IncomingMessage.onEnd (C:\\projects\\my-blog\\backend\\node_modules\\raw-body\\index.js:287:7)\n    at IncomingMessage.emit (node:events:508:28)\n    at endReadableNT (node:internal/streams/readable:1701:12)","statusCode":400,"timestamp":"2026-02-13T14:50:26.451Z"}
{"level":"info","message":{"ip":"::1","method":"GET","timestamp":"2026-02-13T18:15:25.566Z","url":"/posts"},"timestamp":"2026-02-13T18:15:25.578Z"}
{"level":"info","message":{"ip":"::1","method":"GET","timestamp":"2026-02-13T18:15:32.257Z","url":"/commets"},"timestamp":"2026-02-13T18:15:32.257Z"}
{"level":"info","message":{"ip":"::1","method":"GET","timestamp":"2026-02-13T18:15:33.800Z","url":"/commets"},"timestamp":"2026-02-13T18:15:33.800Z"}
{"level":"info","message":{"ip":"::1","method":"GET","timestamp":"2026-02-13T18:15:41.136Z","url":"/commets/1"},"timestamp":"2026-02-13T18:15:41.136Z"}
{"level":"info","message":{"ip":"::1","method":"GET","timestamp":"2026-02-13T18:15:42.939Z","url":"/commets/1"},"timestamp":"2026-02-13T18:15:42.939Z"}
{"level":"info","message":{"ip":"::1","method":"GET","timestamp":"2026-02-13T18:15:44.178Z","url":"/commets/1"},"timestamp":"2026-02-13T18:15:44.178Z"}
{"level":"info","message":{"ip":"::1","method":"GET","timestamp":"2026-02-13T18:15:53.410Z","url":"/users"},"timestamp":"2026-02-13T18:15:53.410Z"}
{"level":"info","message":{"ip":"::1","method":"GET","timestamp":"2026-02-13T18:15:54.916Z","url":"/users"},"timestamp":"2026-02-13T18:15:54.916Z"}
{"level":"info","message":{"ip":"::1","method":"GET","timestamp":"2026-02-13T18:15:55.833Z","url":"/users"},"timestamp":"2026-02-13T18:15:55.833Z"}
{"level":"info","message":{"ip":"::1","method":"GET","timestamp":"2026-02-13T18:16:02.628Z","url":"/posts"},"timestamp":"2026-02-13T18:16:02.628Z"}
{"level":"info","message":{"ip":"::1","method":"GET","timestamp":"2026-02-13T18:16:06.109Z","url":"/"},"timestamp":"2026-02-13T18:16:06.109Z"}
{"level":"info","message":{"ip":"::1","method":"GET","timestamp":"2026-02-13T18:41:13.910Z","url":"/posts"},"timestamp":"2026-02-13T18:41:13.912Z"}
{"level":"info","message":{"ip":"::1","method":"GET","timestamp":"2026-02-13T18:41:30.979Z","url":"/home"},"timestamp":"2026-02-13T18:41:30.979Z"}
{"level":"info","message":{"ip":"::1","method":"GET","timestamp":"2026-02-13T18:41:52.637Z","url":"/posts"},"timestamp":"2026-02-13T18:41:52.637Z"}
{"level":"info","message":{"ip":"::1","method":"GET","timestamp":"2026-02-13T18:41:52.693Z","url":"/posts"},"timestamp":"2026-02-13T18:41:52.693Z"}
{"level":"info","message":{"ip":"::1","method":"GET","timestamp":"2026-02-13T18:43:11.329Z","url":"/posts"},"timestamp":"2026-02-13T18:43:11.329Z"}
{"level":"info","message":{"ip":"::1","method":"GET","timestamp":"2026-02-13T18:43:11.383Z","url":"/posts"},"timestamp":"2026-02-13T18:43:11.383Z"}
{"level":"info","message":{"ip":"::1","method":"GET","timestamp":"2026-02-13T18:43:51.806Z","url":"/posts"},"timestamp":"2026-02-13T18:43:51.806Z"}
{"level":"info","message":{"ip":"::1","method":"GET","timestamp":"2026-02-13T18:44:01.513Z","url":"/posts"},"timestamp":"2026-02-13T18:44:01.513Z"}
{"level":"info","message":{"ip":"::1","method":"GET","timestamp":"2026-02-13T18:44:01.516Z","url":"/posts"},"timestamp":"2026-02-13T18:44:01.516Z"}
{"level":"info","message":{"ip":"::1","method":"GET","timestamp":"2026-02-13T18:44:02.054Z","url":"/posts"},"timestamp":"2026-02-13T18:44:02.054Z"}
{"level":"info","message":{"ip":"::1","method":"GET","timestamp":"2026-02-13T18:44:02.058Z","url":"/posts"},"timestamp":"2026-02-13T18:44:02.058Z"}
{"level":"info","message":{"ip":"::1","method":"GET","timestamp":"2026-02-13T18:44:03.671Z","url":"/posts"},"timestamp":"2026-02-13T18:44:03.671Z"}
{"level":"info","message":{"ip":"::1","method":"GET","timestamp":"2026-02-13T18:44:03.677Z","url":"/posts"},"timestamp":"2026-02-13T18:44:03.677Z"}
{"level":"info","message":{"ip":"::1","method":"GET","timestamp":"2026-02-13T18:44:03.825Z","url":"/posts"},"timestamp":"2026-02-13T18:44:03.825Z"}
{"level":"info","message":{"ip":"::1","method":"GET","timestamp":"2026-02-13T18:44:03.829Z","url":"/posts"},"timestamp":"2026-02-13T18:44:03.829Z"}
{"level":"info","message":{"ip":"::1","method":"GET","timestamp":"2026-02-13T18:44:03.987Z","url":"/posts"},"timestamp":"2026-02-13T18:44:03.987Z"}
{"level":"info","message":{"ip":"::1","method":"GET","timestamp":"2026-02-13T18:44:03.992Z","url":"/posts"},"timestamp":"2026-02-13T18:44:03.992Z"}
{"level":"info","message":{"ip":"::1","method":"GET","timestamp":"2026-02-13T18:44:04.130Z","url":"/posts"},"timestamp":"2026-02-13T18:44:04.130Z"}
{"level":"info","message":{"ip":"::1","method":"GET","timestamp":"2026-02-13T18:44:04.137Z","url":"/posts"},"timestamp":"2026-02-13T18:44:04.137Z"}
{"level":"info","message":{"ip":"::1","method":"GET","timestamp":"2026-02-13T18:44:04.275Z","url":"/posts"},"timestamp":"2026-02-13T18:44:04.275Z"}
{"level":"info","message":{"ip":"::1","method":"GET","timestamp":"2026-02-13T18:44:04.279Z","url":"/posts"},"timestamp":"2026-02-13T18:44:04.279Z"}
{"level":"info","message":{"ip":"::1","method":"GET","timestamp":"2026-02-13T18:45:02.480Z","url":"/posts"},"timestamp":"2026-02-13T18:45:02.481Z"}
{"level":"info","message":{"ip":"::1","method":"GET","timestamp":"2026-02-13T18:45:02.532Z","url":"/posts"},"timestamp":"2026-02-13T18:45:02.532Z"}
{"level":"info","message":{"ip":"::1","method":"GET","timestamp":"2026-02-13T18:47:10.367Z","url":"/posts"},"timestamp":"2026-02-13T18:47:10.369Z"}
{"level":"info","message":{"ip":"::1","method":"GET","timestamp":"2026-02-13T18:47:10.428Z","url":"/posts"},"timestamp":"2026-02-13T18:47:10.428Z"}
{"level":"info","message":{"ip":"::1","method":"OPTIONS","timestamp":"2026-02-13T19:29:09.427Z","url":"/auth/login"},"timestamp":"2026-02-13T19:29:09.429Z"}
{"level":"info","message":{"ip":"::1","method":"POST","timestamp":"2026-02-13T19:29:09.440Z","url":"/auth/login"},"timestamp":"2026-02-13T19:29:09.440Z"}
{"level":"info","message":{"ip":"::1","method":"OPTIONS","timestamp":"2026-02-13T19:31:09.159Z","url":"/auth/login"},"timestamp":"2026-02-13T19:31:09.159Z"}
{"level":"info","message":{"ip":"::1","method":"POST","timestamp":"2026-02-13T19:31:09.161Z","url":"/auth/login"},"timestamp":"2026-02-13T19:31:09.161Z"}
{"level":"info","message":{"ip":"::1","method":"OPTIONS","timestamp":"2026-02-14T12:57:04.671Z","url":"/auth/login"},"timestamp":"2026-02-14T12:57:04.672Z"}
{"level":"info","message":{"ip":"::1","method":"POST","timestamp":"2026-02-14T12:57:04.677Z","url":"/auth/login"},"timestamp":"2026-02-14T12:57:04.677Z"}
{"level":"error","message":"Bu email ile kayıtlı kullanıcı bulunamadı","stack":"Error: Bu email ile kayıtlı kullanıcı bulunamadı\n    at login (C:\\projects\\my-blog\\backend\\controllers\\authController.js:81:25)\n    at process.processTicksAndRejections (node:internal/process/task_queues:95:5)","statusCode":400,"timestamp":"2026-02-14T12:57:04.765Z"}
{"level":"info","message":{"ip":"::1","method":"OPTIONS","timestamp":"2026-02-14T12:57:10.475Z","url":"/auth/login"},"timestamp":"2026-02-14T12:57:10.475Z"}
{"level":"info","message":{"ip":"::1","method":"POST","timestamp":"2026-02-14T12:57:10.478Z","url":"/auth/login"},"timestamp":"2026-02-14T12:57:10.478Z"}
{"level":"info","message":{"ip":"::1","method":"OPTIONS","timestamp":"2026-02-14T12:59:38.540Z","url":"/auth/login"},"timestamp":"2026-02-14T12:59:38.540Z"}
{"level":"info","message":{"ip":"::1","method":"POST","timestamp":"2026-02-14T12:59:38.544Z","url":"/auth/login"},"timestamp":"2026-02-14T12:59:38.544Z"}
{"level":"info","message":{"ip":"::1","method":"GET","timestamp":"2026-02-14T13:01:18.157Z","url":"/posts"},"timestamp":"2026-02-14T13:01:18.157Z"}
{"level":"info","message":{"ip":"::1","method":"GET","timestamp":"2026-02-14T13:01:18.214Z","url":"/posts"},"timestamp":"2026-02-14T13:01:18.214Z"}
{"level":"info","message":{"ip":"::1","method":"OPTIONS","timestamp":"2026-02-14T13:02:38.308Z","url":"/auth/login"},"timestamp":"2026-02-14T13:02:38.308Z"}
{"level":"info","message":{"ip":"::1","method":"POST","timestamp":"2026-02-14T13:02:38.312Z","url":"/auth/login"},"timestamp":"2026-02-14T13:02:38.312Z"}
{"level":"info","message":{"ip":"::1","method":"OPTIONS","timestamp":"2026-02-14T13:07:38.679Z","url":"/auth/login"},"timestamp":"2026-02-14T13:07:38.681Z"}
{"level":"info","message":{"ip":"::1","method":"POST","timestamp":"2026-02-14T13:07:38.691Z","url":"/auth/login"},"timestamp":"2026-02-14T13:07:38.692Z"}
{"level":"info","message":{"ip":"::1","method":"OPTIONS","timestamp":"2026-02-14T13:07:38.856Z","url":"/posts"},"timestamp":"2026-02-14T13:07:38.856Z"}
{"level":"info","message":{"ip":"::1","method":"GET","timestamp":"2026-02-14T13:07:38.857Z","url":"/posts"},"timestamp":"2026-02-14T13:07:38.857Z"}
{"level":"info","message":{"ip":"::1","method":"GET","timestamp":"2026-02-14T13:07:38.867Z","url":"/posts"},"timestamp":"2026-02-14T13:07:38.867Z"}
{"level":"info","message":{"ip":"::1","method":"GET","timestamp":"2026-02-14T13:14:09.821Z","url":"/posts"},"timestamp":"2026-02-14T13:14:09.821Z"}
{"level":"info","message":{"ip":"::1","method":"GET","timestamp":"2026-02-14T13:14:09.868Z","url":"/posts"},"timestamp":"2026-02-14T13:14:09.868Z"}
{"level":"info","message":{"ip":"::1","method":"OPTIONS","timestamp":"2026-02-14T14:37:50.119Z","url":"/auth/login"},"timestamp":"2026-02-14T14:37:50.120Z"}
{"level":"info","message":{"ip":"::1","method":"POST","timestamp":"2026-02-14T14:37:50.126Z","url":"/auth/login"},"timestamp":"2026-02-14T14:37:50.126Z"}
{"level":"info","message":{"ip":"::1","method":"OPTIONS","timestamp":"2026-02-14T14:37:50.240Z","url":"/posts"},"timestamp":"2026-02-14T14:37:50.240Z"}
{"level":"info","message":{"ip":"::1","method":"OPTIONS","timestamp":"2026-02-14T14:37:50.241Z","url":"/posts"},"timestamp":"2026-02-14T14:37:50.241Z"}
{"level":"info","message":{"ip":"::1","method":"GET","timestamp":"2026-02-14T14:37:50.242Z","url":"/posts"},"timestamp":"2026-02-14T14:37:50.242Z"}
{"level":"info","message":{"ip":"::1","method":"GET","timestamp":"2026-02-14T14:37:50.248Z","url":"/posts"},"timestamp":"2026-02-14T14:37:50.248Z"}
{"level":"info","message":{"ip":"::1","method":"GET","timestamp":"2026-02-14T14:38:14.200Z","url":"/posts"},"timestamp":"2026-02-14T14:38:14.200Z"}
{"level":"info","message":{"ip":"::1","method":"GET","timestamp":"2026-02-14T14:38:14.253Z","url":"/posts"},"timestamp":"2026-02-14T14:38:14.253Z"}
{"level":"info","message":{"ip":"::ffff:127.0.0.1","method":"GET","timestamp":"2026-02-14T14:39:02.802Z","url":"/posts"},"timestamp":"2026-02-14T14:39:02.804Z"}
{"level":"info","message":{"ip":"::ffff:127.0.0.1","method":"GET","timestamp":"2026-02-14T14:39:02.872Z","url":"/posts"},"timestamp":"2026-02-14T14:39:02.872Z"}
{"level":"info","message":{"ip":"::1","method":"OPTIONS","timestamp":"2026-02-14T14:39:25.838Z","url":"/auth/login"},"timestamp":"2026-02-14T14:39:25.838Z"}
{"level":"info","message":{"ip":"::1","method":"POST","timestamp":"2026-02-14T14:39:25.841Z","url":"/auth/login"},"timestamp":"2026-02-14T14:39:25.841Z"}
{"level":"info","message":{"ip":"::1","method":"OPTIONS","timestamp":"2026-02-14T14:39:25.940Z","url":"/posts"},"timestamp":"2026-02-14T14:39:25.940Z"}
{"level":"info","message":{"ip":"::1","method":"OPTIONS","timestamp":"2026-02-14T14:39:25.942Z","url":"/posts"},"timestamp":"2026-02-14T14:39:25.942Z"}
{"level":"info","message":{"ip":"::1","method":"GET","timestamp":"2026-02-14T14:39:25.943Z","url":"/posts"},"timestamp":"2026-02-14T14:39:25.943Z"}
{"level":"info","message":{"ip":"::1","method":"GET","timestamp":"2026-02-14T14:39:25.949Z","url":"/posts"},"timestamp":"2026-02-14T14:39:25.949Z"}
{"level":"info","message":{"ip":"::1","method":"OPTIONS","timestamp":"2026-02-14T14:52:59.401Z","url":"/auth/login"},"timestamp":"2026-02-14T14:52:59.402Z"}
{"level":"info","message":{"ip":"::1","method":"POST","timestamp":"2026-02-14T14:52:59.405Z","url":"/auth/login"},"timestamp":"2026-02-14T14:52:59.405Z"}
{"level":"info","message":{"ip":"::1","method":"OPTIONS","timestamp":"2026-02-14T14:52:59.524Z","url":"/posts"},"timestamp":"2026-02-14T14:52:59.524Z"}
{"level":"info","message":{"ip":"::1","method":"OPTIONS","timestamp":"2026-02-14T14:52:59.526Z","url":"/posts"},"timestamp":"2026-02-14T14:52:59.526Z"}
{"level":"info","message":{"ip":"::1","method":"GET","timestamp":"2026-02-14T14:52:59.527Z","url":"/posts"},"timestamp":"2026-02-14T14:52:59.527Z"}
{"level":"info","message":{"ip":"::1","method":"GET","timestamp":"2026-02-14T14:52:59.533Z","url":"/posts"},"timestamp":"2026-02-14T14:52:59.533Z"}
{"level":"info","message":{"ip":"::1","method":"POST","timestamp":"2026-02-14T15:24:30.704Z","url":"/auth/refresh"},"timestamp":"2026-02-14T15:24:30.705Z"}
{"level":"error","message":"Cannot destructure property 'refreshToken' of 'req.body' as it is undefined.","stack":"TypeError: Cannot destructure property 'refreshToken' of 'req.body' as it is undefined.\n    at refresh (C:\\projects\\my-blog\\backend\\controllers\\authController.js:134:17)\n    at Layer.handleRequest (C:\\projects\\my-blog\\backend\\node_modules\\router\\lib\\layer.js:152:17)\n    at next (C:\\projects\\my-blog\\backend\\node_modules\\router\\lib\\route.js:157:13)\n    at Route.dispatch (C:\\projects\\my-blog\\backend\\node_modules\\router\\lib\\route.js:117:3)\n    at handle (C:\\projects\\my-blog\\backend\\node_modules\\router\\index.js:435:11)\n    at Layer.handleRequest (C:\\projects\\my-blog\\backend\\node_modules\\router\\lib\\layer.js:152:17)\n    at C:\\projects\\my-blog\\backend\\node_modules\\router\\index.js:295:15\n    at processParams (C:\\projects\\my-blog\\backend\\node_modules\\router\\index.js:582:12)\n    at next (C:\\projects\\my-blog\\backend\\node_modules\\router\\index.js:291:5)\n    at Function.handle (C:\\projects\\my-blog\\backend\\node_modules\\router\\index.js:186:3)","timestamp":"2026-02-14T15:24:30.711Z"}
{"level":"info","message":{"ip":"::1","method":"POST","timestamp":"2026-02-14T15:24:30.715Z","url":"/auth/refresh"},"timestamp":"2026-02-14T15:24:30.716Z"}
{"level":"error","message":"Cannot destructure property 'refreshToken' of 'req.body' as it is undefined.","stack":"TypeError: Cannot destructure property 'refreshToken' of 'req.body' as it is undefined.\n    at refresh (C:\\projects\\my-blog\\backend\\controllers\\authController.js:134:17)\n    at Layer.handleRequest (C:\\projects\\my-blog\\backend\\node_modules\\router\\lib\\layer.js:152:17)\n    at next (C:\\projects\\my-blog\\backend\\node_modules\\router\\lib\\route.js:157:13)\n    at Route.dispatch (C:\\projects\\my-blog\\backend\\node_modules\\router\\lib\\route.js:117:3)\n    at handle (C:\\projects\\my-blog\\backend\\node_modules\\router\\index.js:435:11)\n    at Layer.handleRequest (C:\\projects\\my-blog\\backend\\node_modules\\router\\lib\\layer.js:152:17)\n    at C:\\projects\\my-blog\\backend\\node_modules\\router\\index.js:295:15\n    at processParams (C:\\projects\\my-blog\\backend\\node_modules\\router\\index.js:582:12)\n    at next (C:\\projects\\my-blog\\backend\\node_modules\\router\\index.js:291:5)\n    at Function.handle (C:\\projects\\my-blog\\backend\\node_modules\\router\\index.js:186:3)","timestamp":"2026-02-14T15:24:30.716Z"}
{"level":"info","message":{"ip":"::1","method":"POST","timestamp":"2026-02-14T15:24:35.191Z","url":"/auth/refresh"},"timestamp":"2026-02-14T15:24:35.191Z"}
{"level":"error","message":"Cannot destructure property 'refreshToken' of 'req.body' as it is undefined.","stack":"TypeError: Cannot destructure property 'refreshToken' of 'req.body' as it is undefined.\n    at refresh (C:\\projects\\my-blog\\backend\\controllers\\authController.js:134:17)\n    at Layer.handleRequest (C:\\projects\\my-blog\\backend\\node_modules\\router\\lib\\layer.js:152:17)\n    at next (C:\\projects\\my-blog\\backend\\node_modules\\router\\lib\\route.js:157:13)\n    at Route.dispatch (C:\\projects\\my-blog\\backend\\node_modules\\router\\lib\\route.js:117:3)\n    at handle (C:\\projects\\my-blog\\backend\\node_modules\\router\\index.js:435:11)\n    at Layer.handleRequest (C:\\projects\\my-blog\\backend\\node_modules\\router\\lib\\layer.js:152:17)\n    at C:\\projects\\my-blog\\backend\\node_modules\\router\\index.js:295:15\n    at processParams (C:\\projects\\my-blog\\backend\\node_modules\\router\\index.js:582:12)\n    at next (C:\\projects\\my-blog\\backend\\node_modules\\router\\index.js:291:5)\n    at Function.handle (C:\\projects\\my-blog\\backend\\node_modules\\router\\index.js:186:3)","timestamp":"2026-02-14T15:24:35.192Z"}
{"level":"info","message":{"ip":"::1","method":"POST","timestamp":"2026-02-14T15:24:35.193Z","url":"/auth/refresh"},"timestamp":"2026-02-14T15:24:35.193Z"}
{"level":"error","message":"Cannot destructure property 'refreshToken' of 'req.body' as it is undefined.","stack":"TypeError: Cannot destructure property 'refreshToken' of 'req.body' as it is undefined.\n    at refresh (C:\\projects\\my-blog\\backend\\controllers\\authController.js:134:17)\n    at Layer.handleRequest (C:\\projects\\my-blog\\backend\\node_modules\\router\\lib\\layer.js:152:17)\n    at next (C:\\projects\\my-blog\\backend\\node_modules\\router\\lib\\route.js:157:13)\n    at Route.dispatch (C:\\projects\\my-blog\\backend\\node_modules\\router\\lib\\route.js:117:3)\n    at handle (C:\\projects\\my-blog\\backend\\node_modules\\router\\index.js:435:11)\n    at Layer.handleRequest (C:\\projects\\my-blog\\backend\\node_modules\\router\\lib\\layer.js:152:17)\n    at C:\\projects\\my-blog\\backend\\node_modules\\router\\index.js:295:15\n    at processParams (C:\\projects\\my-blog\\backend\\node_modules\\router\\index.js:582:12)\n    at next (C:\\projects\\my-blog\\backend\\node_modules\\router\\index.js:291:5)\n    at Function.handle (C:\\projects\\my-blog\\backend\\node_modules\\router\\index.js:186:3)","timestamp":"2026-02-14T15:24:35.194Z"}
{"level":"info","message":{"ip":"::1","method":"OPTIONS","timestamp":"2026-02-14T15:24:52.934Z","url":"/auth/login"},"timestamp":"2026-02-14T15:24:52.934Z"}
{"level":"info","message":{"ip":"::1","method":"POST","timestamp":"2026-02-14T15:24:52.938Z","url":"/auth/login"},"timestamp":"2026-02-14T15:24:52.938Z"}
{"level":"info","message":{"ip":"::1","method":"OPTIONS","timestamp":"2026-02-14T15:24:53.110Z","url":"/posts"},"timestamp":"2026-02-14T15:24:53.110Z"}
{"level":"info","message":{"ip":"::1","method":"OPTIONS","timestamp":"2026-02-14T15:24:53.112Z","url":"/posts"},"timestamp":"2026-02-14T15:24:53.112Z"}
{"level":"info","message":{"ip":"::1","method":"GET","timestamp":"2026-02-14T15:24:53.114Z","url":"/posts"},"timestamp":"2026-02-14T15:24:53.114Z"}
{"level":"info","message":{"ip":"::1","method":"GET","timestamp":"2026-02-14T15:24:53.121Z","url":"/posts"},"timestamp":"2026-02-14T15:24:53.121Z"}
{"level":"info","message":{"ip":"::1","method":"POST","timestamp":"2026-02-14T15:25:06.869Z","url":"/auth/refresh"},"timestamp":"2026-02-14T15:25:06.869Z"}
{"level":"error","message":"Cannot destructure property 'refreshToken' of 'req.body' as it is undefined.","stack":"TypeError: Cannot destructure property 'refreshToken' of 'req.body' as it is undefined.\n    at refresh (C:\\projects\\my-blog\\backend\\controllers\\authController.js:134:17)\n    at Layer.handleRequest (C:\\projects\\my-blog\\backend\\node_modules\\router\\lib\\layer.js:152:17)\n    at next (C:\\projects\\my-blog\\backend\\node_modules\\router\\lib\\route.js:157:13)\n    at Route.dispatch (C:\\projects\\my-blog\\backend\\node_modules\\router\\lib\\route.js:117:3)\n    at handle (C:\\projects\\my-blog\\backend\\node_modules\\router\\index.js:435:11)\n    at Layer.handleRequest (C:\\projects\\my-blog\\backend\\node_modules\\router\\lib\\layer.js:152:17)\n    at C:\\projects\\my-blog\\backend\\node_modules\\router\\index.js:295:15\n    at processParams (C:\\projects\\my-blog\\backend\\node_modules\\router\\index.js:582:12)\n    at next (C:\\projects\\my-blog\\backend\\node_modules\\router\\index.js:291:5)\n    at Function.handle (C:\\projects\\my-blog\\backend\\node_modules\\router\\index.js:186:3)","timestamp":"2026-02-14T15:25:06.871Z"}
{"level":"info","message":{"ip":"::1","method":"GET","timestamp":"2026-02-14T15:25:06.873Z","url":"/posts"},"timestamp":"2026-02-14T15:25:06.873Z"}
{"level":"info","message":{"ip":"::1","method":"POST","timestamp":"2026-02-14T15:25:06.874Z","url":"/auth/refresh"},"timestamp":"2026-02-14T15:25:06.874Z"}
{"level":"error","message":"Cannot destructure property 'refreshToken' of 'req.body' as it is undefined.","stack":"TypeError: Cannot destructure property 'refreshToken' of 'req.body' as it is undefined.\n    at refresh (C:\\projects\\my-blog\\backend\\controllers\\authController.js:134:17)\n    at Layer.handleRequest (C:\\projects\\my-blog\\backend\\node_modules\\router\\lib\\layer.js:152:17)\n    at next (C:\\projects\\my-blog\\backend\\node_modules\\router\\lib\\route.js:157:13)\n    at Route.dispatch (C:\\projects\\my-blog\\backend\\node_modules\\router\\lib\\route.js:117:3)\n    at handle (C:\\projects\\my-blog\\backend\\node_modules\\router\\index.js:435:11)\n    at Layer.handleRequest (C:\\projects\\my-blog\\backend\\node_modules\\router\\lib\\layer.js:152:17)\n    at C:\\projects\\my-blog\\backend\\node_modules\\router\\index.js:295:15\n    at processParams (C:\\projects\\my-blog\\backend\\node_modules\\router\\index.js:582:12)\n    at next (C:\\projects\\my-blog\\backend\\node_modules\\router\\index.js:291:5)\n    at Function.handle (C:\\projects\\my-blog\\backend\\node_modules\\router\\index.js:186:3)","timestamp":"2026-02-14T15:25:06.875Z"}
{"level":"info","message":{"ip":"::1","method":"GET","timestamp":"2026-02-14T15:25:06.918Z","url":"/posts"},"timestamp":"2026-02-14T15:25:06.918Z"}
{"level":"info","message":{"ip":"::1","method":"POST","timestamp":"2026-02-14T15:25:08.205Z","url":"/auth/refresh"},"timestamp":"2026-02-14T15:25:08.205Z"}
{"level":"error","message":"Cannot destructure property 'refreshToken' of 'req.body' as it is undefined.","stack":"TypeError: Cannot destructure property 'refreshToken' of 'req.body' as it is undefined.\n    at refresh (C:\\projects\\my-blog\\backend\\controllers\\authController.js:134:17)\n    at Layer.handleRequest (C:\\projects\\my-blog\\backend\\node_modules\\router\\lib\\layer.js:152:17)\n    at next (C:\\projects\\my-blog\\backend\\node_modules\\router\\lib\\route.js:157:13)\n    at Route.dispatch (C:\\projects\\my-blog\\backend\\node_modules\\router\\lib\\route.js:117:3)\n    at handle (C:\\projects\\my-blog\\backend\\node_modules\\router\\index.js:435:11)\n    at Layer.handleRequest (C:\\projects\\my-blog\\backend\\node_modules\\router\\lib\\layer.js:152:17)\n    at C:\\projects\\my-blog\\backend\\node_modules\\router\\index.js:295:15\n    at processParams (C:\\projects\\my-blog\\backend\\node_modules\\router\\index.js:582:12)\n    at next (C:\\projects\\my-blog\\backend\\node_modules\\router\\index.js:291:5)\n    at Function.handle (C:\\projects\\my-blog\\backend\\node_modules\\router\\index.js:186:3)","timestamp":"2026-02-14T15:25:08.206Z"}
{"level":"info","message":{"ip":"::1","method":"GET","timestamp":"2026-02-14T15:25:08.207Z","url":"/posts"},"timestamp":"2026-02-14T15:25:08.207Z"}
{"level":"info","message":{"ip":"::1","method":"POST","timestamp":"2026-02-14T15:25:08.208Z","url":"/auth/refresh"},"timestamp":"2026-02-14T15:25:08.208Z"}
{"level":"error","message":"Cannot destructure property 'refreshToken' of 'req.body' as it is undefined.","stack":"TypeError: Cannot destructure property 'refreshToken' of 'req.body' as it is undefined.\n    at refresh (C:\\projects\\my-blog\\backend\\controllers\\authController.js:134:17)\n    at Layer.handleRequest (C:\\projects\\my-blog\\backend\\node_modules\\router\\lib\\layer.js:152:17)\n    at next (C:\\projects\\my-blog\\backend\\node_modules\\router\\lib\\route.js:157:13)\n    at Route.dispatch (C:\\projects\\my-blog\\backend\\node_modules\\router\\lib\\route.js:117:3)\n    at handle (C:\\projects\\my-blog\\backend\\node_modules\\router\\index.js:435:11)\n    at Layer.handleRequest (C:\\projects\\my-blog\\backend\\node_modules\\router\\lib\\layer.js:152:17)\n    at C:\\projects\\my-blog\\backend\\node_modules\\router\\index.js:295:15\n    at processParams (C:\\projects\\my-blog\\backend\\node_modules\\router\\index.js:582:12)\n    at next (C:\\projects\\my-blog\\backend\\node_modules\\router\\index.js:291:5)\n    at Function.handle (C:\\projects\\my-blog\\backend\\node_modules\\router\\index.js:186:3)","timestamp":"2026-02-14T15:25:08.209Z"}
{"level":"info","message":{"ip":"::1","method":"GET","timestamp":"2026-02-14T15:25:08.214Z","url":"/posts"},"timestamp":"2026-02-14T15:25:08.214Z"}
{"level":"info","message":{"ip":"::1","method":"POST","timestamp":"2026-02-14T15:25:20.723Z","url":"/auth/refresh"},"timestamp":"2026-02-14T15:25:20.723Z"}
{"level":"error","message":"Cannot destructure property 'refreshToken' of 'req.body' as it is undefined.","stack":"TypeError: Cannot destructure property 'refreshToken' of 'req.body' as it is undefined.\n    at refresh (C:\\projects\\my-blog\\backend\\controllers\\authController.js:134:17)\n    at Layer.handleRequest (C:\\projects\\my-blog\\backend\\node_modules\\router\\lib\\layer.js:152:17)\n    at next (C:\\projects\\my-blog\\backend\\node_modules\\router\\lib\\route.js:157:13)\n    at Route.dispatch (C:\\projects\\my-blog\\backend\\node_modules\\router\\lib\\route.js:117:3)\n    at handle (C:\\projects\\my-blog\\backend\\node_modules\\router\\index.js:435:11)\n    at Layer.handleRequest (C:\\projects\\my-blog\\backend\\node_modules\\router\\lib\\layer.js:152:17)\n    at C:\\projects\\my-blog\\backend\\node_modules\\router\\index.js:295:15\n    at processParams (C:\\projects\\my-blog\\backend\\node_modules\\router\\index.js:582:12)\n    at next (C:\\projects\\my-blog\\backend\\node_modules\\router\\index.js:291:5)\n    at Function.handle (C:\\projects\\my-blog\\backend\\node_modules\\router\\index.js:186:3)","timestamp":"2026-02-14T15:25:20.724Z"}
{"level":"info","message":{"ip":"::1","method":"POST","timestamp":"2026-02-14T15:25:20.725Z","url":"/auth/refresh"},"timestamp":"2026-02-14T15:25:20.725Z"}
{"level":"error","message":"Cannot destructure property 'refreshToken' of 'req.body' as it is undefined.","stack":"TypeError: Cannot destructure property 'refreshToken' of 'req.body' as it is undefined.\n    at refresh (C:\\projects\\my-blog\\backend\\controllers\\authController.js:134:17)\n    at Layer.handleRequest (C:\\projects\\my-blog\\backend\\node_modules\\router\\lib\\layer.js:152:17)\n    at next (C:\\projects\\my-blog\\backend\\node_modules\\router\\lib\\route.js:157:13)\n    at Route.dispatch (C:\\projects\\my-blog\\backend\\node_modules\\router\\lib\\route.js:117:3)\n    at handle (C:\\projects\\my-blog\\backend\\node_modules\\router\\index.js:435:11)\n    at Layer.handleRequest (C:\\projects\\my-blog\\backend\\node_modules\\router\\lib\\layer.js:152:17)\n    at C:\\projects\\my-blog\\backend\\node_modules\\router\\index.js:295:15\n    at processParams (C:\\projects\\my-blog\\backend\\node_modules\\router\\index.js:582:12)\n    at next (C:\\projects\\my-blog\\backend\\node_modules\\router\\index.js:291:5)\n    at Function.handle (C:\\projects\\my-blog\\backend\\node_modules\\router\\index.js:186:3)","timestamp":"2026-02-14T15:25:20.725Z"}
{"level":"info","message":{"ip":"::1","method":"POST","timestamp":"2026-02-14T15:25:27.135Z","url":"/auth/refresh"},"timestamp":"2026-02-14T15:25:27.135Z"}
{"level":"error","message":"Cannot destructure property 'refreshToken' of 'req.body' as it is undefined.","stack":"TypeError: Cannot destructure property 'refreshToken' of 'req.body' as it is undefined.\n    at refresh (C:\\projects\\my-blog\\backend\\controllers\\authController.js:134:17)\n    at Layer.handleRequest (C:\\projects\\my-blog\\backend\\node_modules\\router\\lib\\layer.js:152:17)\n    at next (C:\\projects\\my-blog\\backend\\node_modules\\router\\lib\\route.js:157:13)\n    at Route.dispatch (C:\\projects\\my-blog\\backend\\node_modules\\router\\lib\\route.js:117:3)\n    at handle (C:\\projects\\my-blog\\backend\\node_modules\\router\\index.js:435:11)\n    at Layer.handleRequest (C:\\projects\\my-blog\\backend\\node_modules\\router\\lib\\layer.js:152:17)\n    at C:\\projects\\my-blog\\backend\\node_modules\\router\\index.js:295:15\n    at processParams (C:\\projects\\my-blog\\backend\\node_modules\\router\\index.js:582:12)\n    at next (C:\\projects\\my-blog\\backend\\node_modules\\router\\index.js:291:5)\n    at Function.handle (C:\\projects\\my-blog\\backend\\node_modules\\router\\index.js:186:3)","timestamp":"2026-02-14T15:25:27.136Z"}
{"level":"info","message":{"ip":"::1","method":"POST","timestamp":"2026-02-14T15:25:27.137Z","url":"/auth/refresh"},"timestamp":"2026-02-14T15:25:27.137Z"}
{"level":"error","message":"Cannot destructure property 'refreshToken' of 'req.body' as it is undefined.","stack":"TypeError: Cannot destructure property 'refreshToken' of 'req.body' as it is undefined.\n    at refresh (C:\\projects\\my-blog\\backend\\controllers\\authController.js:134:17)\n    at Layer.handleRequest (C:\\projects\\my-blog\\backend\\node_modules\\router\\lib\\layer.js:152:17)\n    at next (C:\\projects\\my-blog\\backend\\node_modules\\router\\lib\\route.js:157:13)\n    at Route.dispatch (C:\\projects\\my-blog\\backend\\node_modules\\router\\lib\\route.js:117:3)\n    at handle (C:\\projects\\my-blog\\backend\\node_modules\\router\\index.js:435:11)\n    at Layer.handleRequest (C:\\projects\\my-blog\\backend\\node_modules\\router\\lib\\layer.js:152:17)\n    at C:\\projects\\my-blog\\backend\\node_modules\\router\\index.js:295:15\n    at processParams (C:\\projects\\my-blog\\backend\\node_modules\\router\\index.js:582:12)\n    at next (C:\\projects\\my-blog\\backend\\node_modules\\router\\index.js:291:5)\n    at Function.handle (C:\\projects\\my-blog\\backend\\node_modules\\router\\index.js:186:3)","timestamp":"2026-02-14T15:25:27.138Z"}
{"level":"info","message":{"ip":"::1","method":"OPTIONS","timestamp":"2026-02-14T15:25:41.663Z","url":"/auth/login"},"timestamp":"2026-02-14T15:25:41.663Z"}
{"level":"info","message":{"ip":"::1","method":"POST","timestamp":"2026-02-14T15:25:41.666Z","url":"/auth/login"},"timestamp":"2026-02-14T15:25:41.666Z"}
{"level":"info","message":{"ip":"::1","method":"OPTIONS","timestamp":"2026-02-14T15:25:41.788Z","url":"/posts"},"timestamp":"2026-02-14T15:25:41.788Z"}
{"level":"info","message":{"ip":"::1","method":"OPTIONS","timestamp":"2026-02-14T15:25:41.789Z","url":"/posts"},"timestamp":"2026-02-14T15:25:41.789Z"}
{"level":"info","message":{"ip":"::1","method":"GET","timestamp":"2026-02-14T15:25:41.790Z","url":"/posts"},"timestamp":"2026-02-14T15:25:41.790Z"}
{"level":"info","message":{"ip":"::1","method":"GET","timestamp":"2026-02-14T15:25:41.794Z","url":"/posts"},"timestamp":"2026-02-14T15:25:41.794Z"}
{"level":"info","message":{"ip":"::1","method":"POST","timestamp":"2026-02-14T15:30:23.952Z","url":"/auth/refresh"},"timestamp":"2026-02-14T15:30:23.953Z"}
{"level":"error","message":"Cannot destructure property 'refreshToken' of 'req.body' as it is undefined.","stack":"TypeError: Cannot destructure property 'refreshToken' of 'req.body' as it is undefined.\n    at refresh (C:\\projects\\my-blog\\backend\\controllers\\authController.js:134:17)\n    at Layer.handleRequest (C:\\projects\\my-blog\\backend\\node_modules\\router\\lib\\layer.js:152:17)\n    at next (C:\\projects\\my-blog\\backend\\node_modules\\router\\lib\\route.js:157:13)\n    at Route.dispatch (C:\\projects\\my-blog\\backend\\node_modules\\router\\lib\\route.js:117:3)\n    at handle (C:\\projects\\my-blog\\backend\\node_modules\\router\\index.js:435:11)\n    at Layer.handleRequest (C:\\projects\\my-blog\\backend\\node_modules\\router\\lib\\layer.js:152:17)\n    at C:\\projects\\my-blog\\backend\\node_modules\\router\\index.js:295:15\n    at processParams (C:\\projects\\my-blog\\backend\\node_modules\\router\\index.js:582:12)\n    at next (C:\\projects\\my-blog\\backend\\node_modules\\router\\index.js:291:5)\n    at Function.handle (C:\\projects\\my-blog\\backend\\node_modules\\router\\index.js:186:3)","timestamp":"2026-02-14T15:30:23.961Z"}
{"level":"info","message":{"ip":"::1","method":"POST","timestamp":"2026-02-14T15:30:23.964Z","url":"/auth/refresh"},"timestamp":"2026-02-14T15:30:23.964Z"}
{"level":"error","message":"Cannot destructure property 'refreshToken' of 'req.body' as it is undefined.","stack":"TypeError: Cannot destructure property 'refreshToken' of 'req.body' as it is undefined.\n    at refresh (C:\\projects\\my-blog\\backend\\controllers\\authController.js:134:17)\n    at Layer.handleRequest (C:\\projects\\my-blog\\backend\\node_modules\\router\\lib\\layer.js:152:17)\n    at next (C:\\projects\\my-blog\\backend\\node_modules\\router\\lib\\route.js:157:13)\n    at Route.dispatch (C:\\projects\\my-blog\\backend\\node_modules\\router\\lib\\route.js:117:3)\n    at handle (C:\\projects\\my-blog\\backend\\node_modules\\router\\index.js:435:11)\n    at Layer.handleRequest (C:\\projects\\my-blog\\backend\\node_modules\\router\\lib\\layer.js:152:17)\n    at C:\\projects\\my-blog\\backend\\node_modules\\router\\index.js:295:15\n    at processParams (C:\\projects\\my-blog\\backend\\node_modules\\router\\index.js:582:12)\n    at next (C:\\projects\\my-blog\\backend\\node_modules\\router\\index.js:291:5)\n    at Function.handle (C:\\projects\\my-blog\\backend\\node_modules\\router\\index.js:186:3)","timestamp":"2026-02-14T15:30:23.965Z"}
{"level":"info","message":{"ip":"::1","method":"GET","timestamp":"2026-02-14T15:30:23.966Z","url":"/posts"},"timestamp":"2026-02-14T15:30:23.966Z"}
{"level":"info","message":{"ip":"::1","method":"GET","timestamp":"2026-02-14T15:30:24.020Z","url":"/posts"},"timestamp":"2026-02-14T15:30:24.020Z"}
{"level":"info","message":{"ip":"::1","method":"POST","timestamp":"2026-02-14T15:30:26.991Z","url":"/auth/refresh"},"timestamp":"2026-02-14T15:30:26.991Z"}
{"level":"error","message":"Cannot destructure property 'refreshToken' of 'req.body' as it is undefined.","stack":"TypeError: Cannot destructure property 'refreshToken' of 'req.body' as it is undefined.\n    at refresh (C:\\projects\\my-blog\\backend\\controllers\\authController.js:134:17)\n    at Layer.handleRequest (C:\\projects\\my-blog\\backend\\node_modules\\router\\lib\\layer.js:152:17)\n    at next (C:\\projects\\my-blog\\backend\\node_modules\\router\\lib\\route.js:157:13)\n    at Route.dispatch (C:\\projects\\my-blog\\backend\\node_modules\\router\\lib\\route.js:117:3)\n    at handle (C:\\projects\\my-blog\\backend\\node_modules\\router\\index.js:435:11)\n    at Layer.handleRequest (C:\\projects\\my-blog\\backend\\node_modules\\router\\lib\\layer.js:152:17)\n    at C:\\projects\\my-blog\\backend\\node_modules\\router\\index.js:295:15\n    at processParams (C:\\projects\\my-blog\\backend\\node_modules\\router\\index.js:582:12)\n    at next (C:\\projects\\my-blog\\backend\\node_modules\\router\\index.js:291:5)\n    at Function.handle (C:\\projects\\my-blog\\backend\\node_modules\\router\\index.js:186:3)","timestamp":"2026-02-14T15:30:26.992Z"}
{"level":"info","message":{"ip":"::1","method":"GET","timestamp":"2026-02-14T15:30:26.993Z","url":"/posts"},"timestamp":"2026-02-14T15:30:26.993Z"}
{"level":"info","message":{"ip":"::1","method":"POST","timestamp":"2026-02-14T15:30:26.994Z","url":"/auth/refresh"},"timestamp":"2026-02-14T15:30:26.994Z"}
{"level":"error","message":"Cannot destructure property 'refreshToken' of 'req.body' as it is undefined.","stack":"TypeError: Cannot destructure property 'refreshToken' of 'req.body' as it is undefined.\n    at refresh (C:\\projects\\my-blog\\backend\\controllers\\authController.js:134:17)\n    at Layer.handleRequest (C:\\projects\\my-blog\\backend\\node_modules\\router\\lib\\layer.js:152:17)\n    at next (C:\\projects\\my-blog\\backend\\node_modules\\router\\lib\\route.js:157:13)\n    at Route.dispatch (C:\\projects\\my-blog\\backend\\node_modules\\router\\lib\\route.js:117:3)\n    at handle (C:\\projects\\my-blog\\backend\\node_modules\\router\\index.js:435:11)\n    at Layer.handleRequest (C:\\projects\\my-blog\\backend\\node_modules\\router\\lib\\layer.js:152:17)\n    at C:\\projects\\my-blog\\backend\\node_modules\\router\\index.js:295:15\n    at processParams (C:\\projects\\my-blog\\backend\\node_modules\\router\\index.js:582:12)\n    at next (C:\\projects\\my-blog\\backend\\node_modules\\router\\index.js:291:5)\n    at Function.handle (C:\\projects\\my-blog\\backend\\node_modules\\router\\index.js:186:3)","timestamp":"2026-02-14T15:30:26.995Z"}
{"level":"info","message":{"ip":"::1","method":"GET","timestamp":"2026-02-14T15:30:26.998Z","url":"/posts"},"timestamp":"2026-02-14T15:30:26.998Z"}
{"level":"info","message":{"ip":"::1","method":"POST","timestamp":"2026-02-14T15:30:32.625Z","url":"/auth/refresh"},"timestamp":"2026-02-14T15:30:32.625Z"}
{"level":"error","message":"Cannot destructure property 'refreshToken' of 'req.body' as it is undefined.","stack":"TypeError: Cannot destructure property 'refreshToken' of 'req.body' as it is undefined.\n    at refresh (C:\\projects\\my-blog\\backend\\controllers\\authController.js:134:17)\n    at Layer.handleRequest (C:\\projects\\my-blog\\backend\\node_modules\\router\\lib\\layer.js:152:17)\n    at next (C:\\projects\\my-blog\\backend\\node_modules\\router\\lib\\route.js:157:13)\n    at Route.dispatch (C:\\projects\\my-blog\\backend\\node_modules\\router\\lib\\route.js:117:3)\n    at handle (C:\\projects\\my-blog\\backend\\node_modules\\router\\index.js:435:11)\n    at Layer.handleRequest (C:\\projects\\my-blog\\backend\\node_modules\\router\\lib\\layer.js:152:17)\n    at C:\\projects\\my-blog\\backend\\node_modules\\router\\index.js:295:15\n    at processParams (C:\\projects\\my-blog\\backend\\node_modules\\router\\index.js:582:12)\n    at next (C:\\projects\\my-blog\\backend\\node_modules\\router\\index.js:291:5)\n    at Function.handle (C:\\projects\\my-blog\\backend\\node_modules\\router\\index.js:186:3)","timestamp":"2026-02-14T15:30:32.627Z"}
{"level":"info","message":{"ip":"::1","method":"POST","timestamp":"2026-02-14T15:30:32.629Z","url":"/auth/refresh"},"timestamp":"2026-02-14T15:30:32.629Z"}
{"level":"error","message":"Cannot destructure property 'refreshToken' of 'req.body' as it is undefined.","stack":"TypeError: Cannot destructure property 'refreshToken' of 'req.body' as it is undefined.\n    at refresh (C:\\projects\\my-blog\\backend\\controllers\\authController.js:134:17)\n    at Layer.handleRequest (C:\\projects\\my-blog\\backend\\node_modules\\router\\lib\\layer.js:152:17)\n    at next (C:\\projects\\my-blog\\backend\\node_modules\\router\\lib\\route.js:157:13)\n    at Route.dispatch (C:\\projects\\my-blog\\backend\\node_modules\\router\\lib\\route.js:117:3)\n    at handle (C:\\projects\\my-blog\\backend\\node_modules\\router\\index.js:435:11)\n    at Layer.handleRequest (C:\\projects\\my-blog\\backend\\node_modules\\router\\lib\\layer.js:152:17)\n    at C:\\projects\\my-blog\\backend\\node_modules\\router\\index.js:295:15\n    at processParams (C:\\projects\\my-blog\\backend\\node_modules\\router\\index.js:582:12)\n    at next (C:\\projects\\my-blog\\backend\\node_modules\\router\\index.js:291:5)\n    at Function.handle (C:\\projects\\my-blog\\backend\\node_modules\\router\\index.js:186:3)","timestamp":"2026-02-14T15:30:32.631Z"}
{"level":"info","message":{"ip":"::1","method":"OPTIONS","timestamp":"2026-02-14T15:30:44.735Z","url":"/auth/login"},"timestamp":"2026-02-14T15:30:44.735Z"}
{"level":"info","message":{"ip":"::1","method":"POST","timestamp":"2026-02-14T15:30:44.737Z","url":"/auth/login"},"timestamp":"2026-02-14T15:30:44.737Z"}
{"level":"info","message":{"ip":"::1","method":"OPTIONS","timestamp":"2026-02-14T15:30:44.872Z","url":"/posts"},"timestamp":"2026-02-14T15:30:44.872Z"}
{"level":"info","message":{"ip":"::1","method":"OPTIONS","timestamp":"2026-02-14T15:30:44.873Z","url":"/posts"},"timestamp":"2026-02-14T15:30:44.873Z"}
{"level":"info","message":{"ip":"::1","method":"GET","timestamp":"2026-02-14T15:30:44.874Z","url":"/posts"},"timestamp":"2026-02-14T15:30:44.874Z"}
{"level":"info","message":{"ip":"::1","method":"GET","timestamp":"2026-02-14T15:30:44.879Z","url":"/posts"},"timestamp":"2026-02-14T15:30:44.879Z"}
{"level":"info","message":{"ip":"::1","method":"POST","timestamp":"2026-02-14T15:37:51.863Z","url":"/auth/refresh"},"timestamp":"2026-02-14T15:37:51.863Z"}
{"level":"error","message":"Cannot destructure property 'refreshToken' of 'req.cookies.refreshToken' as it is undefined.","stack":"TypeError: Cannot destructure property 'refreshToken' of 'req.cookies.refreshToken' as it is undefined.\n    at refresh (C:\\projects\\my-blog\\backend\\controllers\\authController.js:132:17)\n    at Layer.handleRequest (C:\\projects\\my-blog\\backend\\node_modules\\router\\lib\\layer.js:152:17)\n    at next (C:\\projects\\my-blog\\backend\\node_modules\\router\\lib\\route.js:157:13)\n    at Route.dispatch (C:\\projects\\my-blog\\backend\\node_modules\\router\\lib\\route.js:117:3)\n    at handle (C:\\projects\\my-blog\\backend\\node_modules\\router\\index.js:435:11)\n    at Layer.handleRequest (C:\\projects\\my-blog\\backend\\node_modules\\router\\lib\\layer.js:152:17)\n    at C:\\projects\\my-blog\\backend\\node_modules\\router\\index.js:295:15\n    at processParams (C:\\projects\\my-blog\\backend\\node_modules\\router\\index.js:582:12)\n    at next (C:\\projects\\my-blog\\backend\\node_modules\\router\\index.js:291:5)\n    at Function.handle (C:\\projects\\my-blog\\backend\\node_modules\\router\\index.js:186:3)","timestamp":"2026-02-14T15:37:51.872Z"}
{"level":"info","message":{"ip":"::1","method":"GET","timestamp":"2026-02-14T15:37:51.875Z","url":"/posts"},"timestamp":"2026-02-14T15:37:51.875Z"}
{"level":"info","message":{"ip":"::1","method":"POST","timestamp":"2026-02-14T15:37:51.877Z","url":"/auth/refresh"},"timestamp":"2026-02-14T15:37:51.878Z"}
{"level":"error","message":"Cannot destructure property 'refreshToken' of 'req.cookies.refreshToken' as it is undefined.","stack":"TypeError: Cannot destructure property 'refreshToken' of 'req.cookies.refreshToken' as it is undefined.\n    at refresh (C:\\projects\\my-blog\\backend\\controllers\\authController.js:132:17)\n    at Layer.handleRequest (C:\\projects\\my-blog\\backend\\node_modules\\router\\lib\\layer.js:152:17)\n    at next (C:\\projects\\my-blog\\backend\\node_modules\\router\\lib\\route.js:157:13)\n    at Route.dispatch (C:\\projects\\my-blog\\backend\\node_modules\\router\\lib\\route.js:117:3)\n    at handle (C:\\projects\\my-blog\\backend\\node_modules\\router\\index.js:435:11)\n    at Layer.handleRequest (C:\\projects\\my-blog\\backend\\node_modules\\router\\lib\\layer.js:152:17)\n    at C:\\projects\\my-blog\\backend\\node_modules\\router\\index.js:295:15\n    at processParams (C:\\projects\\my-blog\\backend\\node_modules\\router\\index.js:582:12)\n    at next (C:\\projects\\my-blog\\backend\\node_modules\\router\\index.js:291:5)\n    at Function.handle (C:\\projects\\my-blog\\backend\\node_modules\\router\\index.js:186:3)","timestamp":"2026-02-14T15:37:51.878Z"}
{"level":"info","message":{"ip":"::1","method":"GET","timestamp":"2026-02-14T15:37:51.918Z","url":"/posts"},"timestamp":"2026-02-14T15:37:51.918Z"}
{"level":"info","message":{"ip":"::1","method":"POST","timestamp":"2026-02-14T15:38:03.373Z","url":"/auth/refresh"},"timestamp":"2026-02-14T15:38:03.373Z"}
{"level":"error","message":"Cannot destructure property 'refreshToken' of 'req.cookies.refreshToken' as it is undefined.","stack":"TypeError: Cannot destructure property 'refreshToken' of 'req.cookies.refreshToken' as it is undefined.\n    at refresh (C:\\projects\\my-blog\\backend\\controllers\\authController.js:132:17)\n    at Layer.handleRequest (C:\\projects\\my-blog\\backend\\node_modules\\router\\lib\\layer.js:152:17)\n    at next (C:\\projects\\my-blog\\backend\\node_modules\\router\\lib\\route.js:157:13)\n    at Route.dispatch (C:\\projects\\my-blog\\backend\\node_modules\\router\\lib\\route.js:117:3)\n    at handle (C:\\projects\\my-blog\\backend\\node_modules\\router\\index.js:435:11)\n    at Layer.handleRequest (C:\\projects\\my-blog\\backend\\node_modules\\router\\lib\\layer.js:152:17)\n    at C:\\projects\\my-blog\\backend\\node_modules\\router\\index.js:295:15\n    at processParams (C:\\projects\\my-blog\\backend\\node_modules\\router\\index.js:582:12)\n    at next (C:\\projects\\my-blog\\backend\\node_modules\\router\\index.js:291:5)\n    at Function.handle (C:\\projects\\my-blog\\backend\\node_modules\\router\\index.js:186:3)","timestamp":"2026-02-14T15:38:03.375Z"}
{"level":"info","message":{"ip":"::1","method":"POST","timestamp":"2026-02-14T15:38:03.376Z","url":"/auth/refresh"},"timestamp":"2026-02-14T15:38:03.376Z"}
{"level":"error","message":"Cannot destructure property 'refreshToken' of 'req.cookies.refreshToken' as it is undefined.","stack":"TypeError: Cannot destructure property 'refreshToken' of 'req.cookies.refreshToken' as it is undefined.\n    at refresh (C:\\projects\\my-blog\\backend\\controllers\\authController.js:132:17)\n    at Layer.handleRequest (C:\\projects\\my-blog\\backend\\node_modules\\router\\lib\\layer.js:152:17)\n    at next (C:\\projects\\my-blog\\backend\\node_modules\\router\\lib\\route.js:157:13)\n    at Route.dispatch (C:\\projects\\my-blog\\backend\\node_modules\\router\\lib\\route.js:117:3)\n    at handle (C:\\projects\\my-blog\\backend\\node_modules\\router\\index.js:435:11)\n    at Layer.handleRequest (C:\\projects\\my-blog\\backend\\node_modules\\router\\lib\\layer.js:152:17)\n    at C:\\projects\\my-blog\\backend\\node_modules\\router\\index.js:295:15\n    at processParams (C:\\projects\\my-blog\\backend\\node_modules\\router\\index.js:582:12)\n    at next (C:\\projects\\my-blog\\backend\\node_modules\\router\\index.js:291:5)\n    at Function.handle (C:\\projects\\my-blog\\backend\\node_modules\\router\\index.js:186:3)","timestamp":"2026-02-14T15:38:03.377Z"}
{"level":"info","message":{"ip":"::1","method":"OPTIONS","timestamp":"2026-02-14T15:38:19.468Z","url":"/auth/login"},"timestamp":"2026-02-14T15:38:19.468Z"}
{"level":"info","message":{"ip":"::1","method":"POST","timestamp":"2026-02-14T15:38:19.471Z","url":"/auth/login"},"timestamp":"2026-02-14T15:38:19.471Z"}
{"level":"info","message":{"ip":"::1","method":"OPTIONS","timestamp":"2026-02-14T15:38:19.606Z","url":"/posts"},"timestamp":"2026-02-14T15:38:19.606Z"}
{"level":"info","message":{"ip":"::1","method":"OPTIONS","timestamp":"2026-02-14T15:38:19.608Z","url":"/posts"},"timestamp":"2026-02-14T15:38:19.608Z"}
{"level":"info","message":{"ip":"::1","method":"GET","timestamp":"2026-02-14T15:38:19.608Z","url":"/posts"},"timestamp":"2026-02-14T15:38:19.608Z"}
{"level":"info","message":{"ip":"::1","method":"GET","timestamp":"2026-02-14T15:38:19.613Z","url":"/posts"},"timestamp":"2026-02-14T15:38:19.613Z"}
{"level":"info","message":{"ip":"::1","method":"POST","timestamp":"2026-02-14T15:38:28.454Z","url":"/auth/refresh"},"timestamp":"2026-02-14T15:38:28.454Z"}
{"level":"error","message":"Refresh token gerekli","stack":"Error: Refresh token gerekli\n    at refresh (C:\\projects\\my-blog\\backend\\controllers\\authController.js:135:25)\n    at Layer.handleRequest (C:\\projects\\my-blog\\backend\\node_modules\\router\\lib\\layer.js:152:17)\n    at next (C:\\projects\\my-blog\\backend\\node_modules\\router\\lib\\route.js:157:13)\n    at Route.dispatch (C:\\projects\\my-blog\\backend\\node_modules\\router\\lib\\route.js:117:3)\n    at handle (C:\\projects\\my-blog\\backend\\node_modules\\router\\index.js:435:11)\n    at Layer.handleRequest (C:\\projects\\my-blog\\backend\\node_modules\\router\\lib\\layer.js:152:17)\n    at C:\\projects\\my-blog\\backend\\node_modules\\router\\index.js:295:15\n    at processParams (C:\\projects\\my-blog\\backend\\node_modules\\router\\index.js:582:12)\n    at next (C:\\projects\\my-blog\\backend\\node_modules\\router\\index.js:291:5)\n    at Function.handle (C:\\projects\\my-blog\\backend\\node_modules\\router\\index.js:186:3)","statusCode":401,"timestamp":"2026-02-14T15:38:28.455Z"}
{"level":"info","message":{"ip":"::1","method":"POST","timestamp":"2026-02-14T15:38:28.457Z","url":"/auth/refresh"},"timestamp":"2026-02-14T15:38:28.457Z"}
{"level":"error","message":"Refresh token gerekli","stack":"Error: Refresh token gerekli\n    at refresh (C:\\projects\\my-blog\\backend\\controllers\\authController.js:135:25)\n    at Layer.handleRequest (C:\\projects\\my-blog\\backend\\node_modules\\router\\lib\\layer.js:152:17)\n    at next (C:\\projects\\my-blog\\backend\\node_modules\\router\\lib\\route.js:157:13)\n    at Route.dispatch (C:\\projects\\my-blog\\backend\\node_modules\\router\\lib\\route.js:117:3)\n    at handle (C:\\projects\\my-blog\\backend\\node_modules\\router\\index.js:435:11)\n    at Layer.handleRequest (C:\\projects\\my-blog\\backend\\node_modules\\router\\lib\\layer.js:152:17)\n    at C:\\projects\\my-blog\\backend\\node_modules\\router\\index.js:295:15\n    at processParams (C:\\projects\\my-blog\\backend\\node_modules\\router\\index.js:582:12)\n    at next (C:\\projects\\my-blog\\backend\\node_modules\\router\\index.js:291:5)\n    at Function.handle (C:\\projects\\my-blog\\backend\\node_modules\\router\\index.js:186:3)","statusCode":401,"timestamp":"2026-02-14T15:38:28.457Z"}
{"level":"info","message":{"ip":"::1","method":"OPTIONS","timestamp":"2026-02-14T15:39:49.286Z","url":"/auth/login"},"timestamp":"2026-02-14T15:39:49.286Z"}
{"level":"info","message":{"ip":"::1","method":"POST","timestamp":"2026-02-14T15:39:49.289Z","url":"/auth/login"},"timestamp":"2026-02-14T15:39:49.289Z"}
{"level":"info","message":{"ip":"::1","method":"OPTIONS","timestamp":"2026-02-14T15:39:49.422Z","url":"/posts"},"timestamp":"2026-02-14T15:39:49.422Z"}
{"level":"info","message":{"ip":"::1","method":"GET","timestamp":"2026-02-14T15:39:49.424Z","url":"/posts"},"timestamp":"2026-02-14T15:39:49.424Z"}
{"level":"info","message":{"ip":"::1","method":"GET","timestamp":"2026-02-14T15:39:49.430Z","url":"/posts"},"timestamp":"2026-02-14T15:39:49.430Z"}
{"level":"info","message":{"ip":"::1","method":"POST","timestamp":"2026-02-14T15:43:40.787Z","url":"/auth/refresh"},"timestamp":"2026-02-14T15:43:40.787Z"}
{"level":"error","message":"Refresh token gerekli","stack":"Error: Refresh token gerekli\n    at refresh (C:\\projects\\my-blog\\backend\\controllers\\authController.js:135:25)\n    at Layer.handleRequest (C:\\projects\\my-blog\\backend\\node_modules\\router\\lib\\layer.js:152:17)\n    at next (C:\\projects\\my-blog\\backend\\node_modules\\router\\lib\\route.js:157:13)\n    at Route.dispatch (C:\\projects\\my-blog\\backend\\node_modules\\router\\lib\\route.js:117:3)\n    at handle (C:\\projects\\my-blog\\backend\\node_modules\\router\\index.js:435:11)\n    at Layer.handleRequest (C:\\projects\\my-blog\\backend\\node_modules\\router\\lib\\layer.js:152:17)\n    at C:\\projects\\my-blog\\backend\\node_modules\\router\\index.js:295:15\n    at processParams (C:\\projects\\my-blog\\backend\\node_modules\\router\\index.js:582:12)\n    at next (C:\\projects\\my-blog\\backend\\node_modules\\router\\index.js:291:5)\n    at Function.handle (C:\\projects\\my-blog\\backend\\node_modules\\router\\index.js:186:3)","statusCode":401,"timestamp":"2026-02-14T15:43:40.787Z"}
{"level":"info","message":{"ip":"::1","method":"GET","timestamp":"2026-02-14T15:43:40.789Z","url":"/posts"},"timestamp":"2026-02-14T15:43:40.789Z"}
{"level":"info","message":{"ip":"::1","method":"POST","timestamp":"2026-02-14T15:43:40.790Z","url":"/auth/refresh"},"timestamp":"2026-02-14T15:43:40.790Z"}
{"level":"error","message":"Refresh token gerekli","stack":"Error: Refresh token gerekli\n    at refresh (C:\\projects\\my-blog\\backend\\controllers\\authController.js:135:25)\n    at Layer.handleRequest (C:\\projects\\my-blog\\backend\\node_modules\\router\\lib\\layer.js:152:17)\n    at next (C:\\projects\\my-blog\\backend\\node_modules\\router\\lib\\route.js:157:13)\n    at Route.dispatch (C:\\projects\\my-blog\\backend\\node_modules\\router\\lib\\route.js:117:3)\n    at handle (C:\\projects\\my-blog\\backend\\node_modules\\router\\index.js:435:11)\n    at Layer.handleRequest (C:\\projects\\my-blog\\backend\\node_modules\\router\\lib\\layer.js:152:17)\n    at C:\\projects\\my-blog\\backend\\node_modules\\router\\index.js:295:15\n    at processParams (C:\\projects\\my-blog\\backend\\node_modules\\router\\index.js:582:12)\n    at next (C:\\projects\\my-blog\\backend\\node_modules\\router\\index.js:291:5)\n    at Function.handle (C:\\projects\\my-blog\\backend\\node_modules\\router\\index.js:186:3)","statusCode":401,"timestamp":"2026-02-14T15:43:40.791Z"}
{"level":"info","message":{"ip":"::1","method":"GET","timestamp":"2026-02-14T15:43:40.831Z","url":"/posts"},"timestamp":"2026-02-14T15:43:40.831Z"}
{"level":"info","message":{"ip":"::1","method":"POST","timestamp":"2026-02-14T15:43:47.222Z","url":"/auth/refresh"},"timestamp":"2026-02-14T15:43:47.222Z"}
{"level":"error","message":"Refresh token gerekli","stack":"Error: Refresh token gerekli\n    at refresh (C:\\projects\\my-blog\\backend\\controllers\\authController.js:135:25)\n    at Layer.handleRequest (C:\\projects\\my-blog\\backend\\node_modules\\router\\lib\\layer.js:152:17)\n    at next (C:\\projects\\my-blog\\backend\\node_modules\\router\\lib\\route.js:157:13)\n    at Route.dispatch (C:\\projects\\my-blog\\backend\\node_modules\\router\\lib\\route.js:117:3)\n    at handle (C:\\projects\\my-blog\\backend\\node_modules\\router\\index.js:435:11)\n    at Layer.handleRequest (C:\\projects\\my-blog\\backend\\node_modules\\router\\lib\\layer.js:152:17)\n    at C:\\projects\\my-blog\\backend\\node_modules\\router\\index.js:295:15\n    at processParams (C:\\projects\\my-blog\\backend\\node_modules\\router\\index.js:582:12)\n    at next (C:\\projects\\my-blog\\backend\\node_modules\\router\\index.js:291:5)\n    at Function.handle (C:\\projects\\my-blog\\backend\\node_modules\\router\\index.js:186:3)","statusCode":401,"timestamp":"2026-02-14T15:43:47.223Z"}
{"level":"info","message":{"ip":"::1","method":"POST","timestamp":"2026-02-14T15:43:47.224Z","url":"/auth/refresh"},"timestamp":"2026-02-14T15:43:47.224Z"}
{"level":"error","message":"Refresh token gerekli","stack":"Error: Refresh token gerekli\n    at refresh (C:\\projects\\my-blog\\backend\\controllers\\authController.js:135:25)\n    at Layer.handleRequest (C:\\projects\\my-blog\\backend\\node_modules\\router\\lib\\layer.js:152:17)\n    at next (C:\\projects\\my-blog\\backend\\node_modules\\router\\lib\\route.js:157:13)\n    at Route.dispatch (C:\\projects\\my-blog\\backend\\node_modules\\router\\lib\\route.js:117:3)\n    at handle (C:\\projects\\my-blog\\backend\\node_modules\\router\\index.js:435:11)\n    at Layer.handleRequest (C:\\projects\\my-blog\\backend\\node_modules\\router\\lib\\layer.js:152:17)\n    at C:\\projects\\my-blog\\backend\\node_modules\\router\\index.js:295:15\n    at processParams (C:\\projects\\my-blog\\backend\\node_modules\\router\\index.js:582:12)\n    at next (C:\\projects\\my-blog\\backend\\node_modules\\router\\index.js:291:5)\n    at Function.handle (C:\\projects\\my-blog\\backend\\node_modules\\router\\index.js:186:3)","statusCode":401,"timestamp":"2026-02-14T15:43:47.224Z"}
{"level":"info","message":{"ip":"::1","method":"OPTIONS","timestamp":"2026-02-14T15:44:01.414Z","url":"/auth/login"},"timestamp":"2026-02-14T15:44:01.414Z"}
{"level":"info","message":{"ip":"::1","method":"POST","timestamp":"2026-02-14T15:44:01.416Z","url":"/auth/login"},"timestamp":"2026-02-14T15:44:01.416Z"}
{"level":"info","message":{"ip":"::1","method":"POST","timestamp":"2026-02-14T15:44:07.304Z","url":"/auth/refresh"},"timestamp":"2026-02-14T15:44:07.304Z"}
{"level":"error","message":"Refresh token gerekli","stack":"Error: Refresh token gerekli\n    at refresh (C:\\projects\\my-blog\\backend\\controllers\\authController.js:135:25)\n    at Layer.handleRequest (C:\\projects\\my-blog\\backend\\node_modules\\router\\lib\\layer.js:152:17)\n    at next (C:\\projects\\my-blog\\backend\\node_modules\\router\\lib\\route.js:157:13)\n    at Route.dispatch (C:\\projects\\my-blog\\backend\\node_modules\\router\\lib\\route.js:117:3)\n    at handle (C:\\projects\\my-blog\\backend\\node_modules\\router\\index.js:435:11)\n    at Layer.handleRequest (C:\\projects\\my-blog\\backend\\node_modules\\router\\lib\\layer.js:152:17)\n    at C:\\projects\\my-blog\\backend\\node_modules\\router\\index.js:295:15\n    at processParams (C:\\projects\\my-blog\\backend\\node_modules\\router\\index.js:582:12)\n    at next (C:\\projects\\my-blog\\backend\\node_modules\\router\\index.js:291:5)\n    at Function.handle (C:\\projects\\my-blog\\backend\\node_modules\\router\\index.js:186:3)","statusCode":401,"timestamp":"2026-02-14T15:44:07.305Z"}
{"level":"info","message":{"ip":"::1","method":"POST","timestamp":"2026-02-14T15:44:07.307Z","url":"/auth/refresh"},"timestamp":"2026-02-14T15:44:07.307Z"}
{"level":"error","message":"Refresh token gerekli","stack":"Error: Refresh token gerekli\n    at refresh (C:\\projects\\my-blog\\backend\\controllers\\authController.js:135:25)\n    at Layer.handleRequest (C:\\projects\\my-blog\\backend\\node_modules\\router\\lib\\layer.js:152:17)\n    at next (C:\\projects\\my-blog\\backend\\node_modules\\router\\lib\\route.js:157:13)\n    at Route.dispatch (C:\\projects\\my-blog\\backend\\node_modules\\router\\lib\\route.js:117:3)\n    at handle (C:\\projects\\my-blog\\backend\\node_modules\\router\\index.js:435:11)\n    at Layer.handleRequest (C:\\projects\\my-blog\\backend\\node_modules\\router\\lib\\layer.js:152:17)\n    at C:\\projects\\my-blog\\backend\\node_modules\\router\\index.js:295:15\n    at processParams (C:\\projects\\my-blog\\backend\\node_modules\\router\\index.js:582:12)\n    at next (C:\\projects\\my-blog\\backend\\node_modules\\router\\index.js:291:5)\n    at Function.handle (C:\\projects\\my-blog\\backend\\node_modules\\router\\index.js:186:3)","statusCode":401,"timestamp":"2026-02-14T15:44:07.308Z"}
{"level":"info","message":{"ip":"::1","method":"GET","timestamp":"2026-02-14T15:44:07.308Z","url":"/posts"},"timestamp":"2026-02-14T15:44:07.309Z"}
{"level":"info","message":{"ip":"::1","method":"GET","timestamp":"2026-02-14T15:44:07.313Z","url":"/posts"},"timestamp":"2026-02-14T15:44:07.313Z"}
{"level":"info","message":{"ip":"::1","method":"POST","timestamp":"2026-02-14T15:44:11.386Z","url":"/auth/refresh"},"timestamp":"2026-02-14T15:44:11.386Z"}
{"level":"error","message":"Refresh token gerekli","stack":"Error: Refresh token gerekli\n    at refresh (C:\\projects\\my-blog\\backend\\controllers\\authController.js:135:25)\n    at Layer.handleRequest (C:\\projects\\my-blog\\backend\\node_modules\\router\\lib\\layer.js:152:17)\n    at next (C:\\projects\\my-blog\\backend\\node_modules\\router\\lib\\route.js:157:13)\n    at Route.dispatch (C:\\projects\\my-blog\\backend\\node_modules\\router\\lib\\route.js:117:3)\n    at handle (C:\\projects\\my-blog\\backend\\node_modules\\router\\index.js:435:11)\n    at Layer.handleRequest (C:\\projects\\my-blog\\backend\\node_modules\\router\\lib\\layer.js:152:17)\n    at C:\\projects\\my-blog\\backend\\node_modules\\router\\index.js:295:15\n    at processParams (C:\\projects\\my-blog\\backend\\node_modules\\router\\index.js:582:12)\n    at next (C:\\projects\\my-blog\\backend\\node_modules\\router\\index.js:291:5)\n    at Function.handle (C:\\projects\\my-blog\\backend\\node_modules\\router\\index.js:186:3)","statusCode":401,"timestamp":"2026-02-14T15:44:11.386Z"}
{"level":"info","message":{"ip":"::1","method":"POST","timestamp":"2026-02-14T15:44:11.387Z","url":"/auth/refresh"},"timestamp":"2026-02-14T15:44:11.387Z"}
{"level":"error","message":"Refresh token gerekli","stack":"Error: Refresh token gerekli\n    at refresh (C:\\projects\\my-blog\\backend\\controllers\\authController.js:135:25)\n    at Layer.handleRequest (C:\\projects\\my-blog\\backend\\node_modules\\router\\lib\\layer.js:152:17)\n    at next (C:\\projects\\my-blog\\backend\\node_modules\\router\\lib\\route.js:157:13)\n    at Route.dispatch (C:\\projects\\my-blog\\backend\\node_modules\\router\\lib\\route.js:117:3)\n    at handle (C:\\projects\\my-blog\\backend\\node_modules\\router\\index.js:435:11)\n    at Layer.handleRequest (C:\\projects\\my-blog\\backend\\node_modules\\router\\lib\\layer.js:152:17)\n    at C:\\projects\\my-blog\\backend\\node_modules\\router\\index.js:295:15\n    at processParams (C:\\projects\\my-blog\\backend\\node_modules\\router\\index.js:582:12)\n    at next (C:\\projects\\my-blog\\backend\\node_modules\\router\\index.js:291:5)\n    at Function.handle (C:\\projects\\my-blog\\backend\\node_modules\\router\\index.js:186:3)","statusCode":401,"timestamp":"2026-02-14T15:44:11.388Z"}
{"level":"info","message":{"ip":"::1","method":"POST","timestamp":"2026-02-14T15:46:32.252Z","url":"/auth/refresh"},"timestamp":"2026-02-14T15:46:32.253Z"}
{"level":"error","message":"Refresh token gerekli","stack":"Error: Refresh token gerekli\n    at refresh (C:\\projects\\my-blog\\backend\\controllers\\authController.js:135:25)\n    at Layer.handleRequest (C:\\projects\\my-blog\\backend\\node_modules\\router\\lib\\layer.js:152:17)\n    at next (C:\\projects\\my-blog\\backend\\node_modules\\router\\lib\\route.js:157:13)\n    at Route.dispatch (C:\\projects\\my-blog\\backend\\node_modules\\router\\lib\\route.js:117:3)\n    at handle (C:\\projects\\my-blog\\backend\\node_modules\\router\\index.js:435:11)\n    at Layer.handleRequest (C:\\projects\\my-blog\\backend\\node_modules\\router\\lib\\layer.js:152:17)\n    at C:\\projects\\my-blog\\backend\\node_modules\\router\\index.js:295:15\n    at processParams (C:\\projects\\my-blog\\backend\\node_modules\\router\\index.js:582:12)\n    at next (C:\\projects\\my-blog\\backend\\node_modules\\router\\index.js:291:5)\n    at Function.handle (C:\\projects\\my-blog\\backend\\node_modules\\router\\index.js:186:3)","statusCode":401,"timestamp":"2026-02-14T15:46:32.266Z"}
{"level":"info","message":{"ip":"::1","method":"POST","timestamp":"2026-02-14T15:46:32.272Z","url":"/auth/refresh"},"timestamp":"2026-02-14T15:46:32.272Z"}
{"level":"error","message":"Refresh token gerekli","stack":"Error: Refresh token gerekli\n    at refresh (C:\\projects\\my-blog\\backend\\controllers\\authController.js:135:25)\n    at Layer.handleRequest (C:\\projects\\my-blog\\backend\\node_modules\\router\\lib\\layer.js:152:17)\n    at next (C:\\projects\\my-blog\\backend\\node_modules\\router\\lib\\route.js:157:13)\n    at Route.dispatch (C:\\projects\\my-blog\\backend\\node_modules\\router\\lib\\route.js:117:3)\n    at handle (C:\\projects\\my-blog\\backend\\node_modules\\router\\index.js:435:11)\n    at Layer.handleRequest (C:\\projects\\my-blog\\backend\\node_modules\\router\\lib\\layer.js:152:17)\n    at C:\\projects\\my-blog\\backend\\node_modules\\router\\index.js:295:15\n    at processParams (C:\\projects\\my-blog\\backend\\node_modules\\router\\index.js:582:12)\n    at next (C:\\projects\\my-blog\\backend\\node_modules\\router\\index.js:291:5)\n    at Function.handle (C:\\projects\\my-blog\\backend\\node_modules\\router\\index.js:186:3)","statusCode":401,"timestamp":"2026-02-14T15:46:32.273Z"}
{"level":"info","message":{"ip":"::1","method":"POST","timestamp":"2026-02-14T15:46:33.213Z","url":"/auth/refresh"},"timestamp":"2026-02-14T15:46:33.213Z"}
{"level":"error","message":"Refresh token gerekli","stack":"Error: Refresh token gerekli\n    at refresh (C:\\projects\\my-blog\\backend\\controllers\\authController.js:135:25)\n    at Layer.handleRequest (C:\\projects\\my-blog\\backend\\node_modules\\router\\lib\\layer.js:152:17)\n    at next (C:\\projects\\my-blog\\backend\\node_modules\\router\\lib\\route.js:157:13)\n    at Route.dispatch (C:\\projects\\my-blog\\backend\\node_modules\\router\\lib\\route.js:117:3)\n    at handle (C:\\projects\\my-blog\\backend\\node_modules\\router\\index.js:435:11)\n    at Layer.handleRequest (C:\\projects\\my-blog\\backend\\node_modules\\router\\lib\\layer.js:152:17)\n    at C:\\projects\\my-blog\\backend\\node_modules\\router\\index.js:295:15\n    at processParams (C:\\projects\\my-blog\\backend\\node_modules\\router\\index.js:582:12)\n    at next (C:\\projects\\my-blog\\backend\\node_modules\\router\\index.js:291:5)\n    at Function.handle (C:\\projects\\my-blog\\backend\\node_modules\\router\\index.js:186:3)","statusCode":401,"timestamp":"2026-02-14T15:46:33.215Z"}
{"level":"info","message":{"ip":"::1","method":"POST","timestamp":"2026-02-14T15:46:33.217Z","url":"/auth/refresh"},"timestamp":"2026-02-14T15:46:33.217Z"}
{"level":"error","message":"Refresh token gerekli","stack":"Error: Refresh token gerekli\n    at refresh (C:\\projects\\my-blog\\backend\\controllers\\authController.js:135:25)\n    at Layer.handleRequest (C:\\projects\\my-blog\\backend\\node_modules\\router\\lib\\layer.js:152:17)\n    at next (C:\\projects\\my-blog\\backend\\node_modules\\router\\lib\\route.js:157:13)\n    at Route.dispatch (C:\\projects\\my-blog\\backend\\node_modules\\router\\lib\\route.js:117:3)\n    at handle (C:\\projects\\my-blog\\backend\\node_modules\\router\\index.js:435:11)\n    at Layer.handleRequest (C:\\projects\\my-blog\\backend\\node_modules\\router\\lib\\layer.js:152:17)\n    at C:\\projects\\my-blog\\backend\\node_modules\\router\\index.js:295:15\n    at processParams (C:\\projects\\my-blog\\backend\\node_modules\\router\\index.js:582:12)\n    at next (C:\\projects\\my-blog\\backend\\node_modules\\router\\index.js:291:5)\n    at Function.handle (C:\\projects\\my-blog\\backend\\node_modules\\router\\index.js:186:3)","statusCode":401,"timestamp":"2026-02-14T15:46:33.218Z"}
{"level":"info","message":{"ip":"::1","method":"OPTIONS","timestamp":"2026-02-14T15:46:46.177Z","url":"/auth/login"},"timestamp":"2026-02-14T15:46:46.177Z"}
{"level":"info","message":{"ip":"::1","method":"POST","timestamp":"2026-02-14T15:46:46.180Z","url":"/auth/login"},"timestamp":"2026-02-14T15:46:46.180Z"}
{"level":"info","message":{"ip":"::1","method":"POST","timestamp":"2026-02-14T15:50:22.078Z","url":"/auth/refresh"},"timestamp":"2026-02-14T15:50:22.078Z"}
{"level":"error","message":"Refresh token gerekli","stack":"Error: Refresh token gerekli\n    at refresh (C:\\projects\\my-blog\\backend\\controllers\\authController.js:135:25)\n    at Layer.handleRequest (C:\\projects\\my-blog\\backend\\node_modules\\router\\lib\\layer.js:152:17)\n    at next (C:\\projects\\my-blog\\backend\\node_modules\\router\\lib\\route.js:157:13)\n    at Route.dispatch (C:\\projects\\my-blog\\backend\\node_modules\\router\\lib\\route.js:117:3)\n    at handle (C:\\projects\\my-blog\\backend\\node_modules\\router\\index.js:435:11)\n    at Layer.handleRequest (C:\\projects\\my-blog\\backend\\node_modules\\router\\lib\\layer.js:152:17)\n    at C:\\projects\\my-blog\\backend\\node_modules\\router\\index.js:295:15\n    at processParams (C:\\projects\\my-blog\\backend\\node_modules\\router\\index.js:582:12)\n    at next (C:\\projects\\my-blog\\backend\\node_modules\\router\\index.js:291:5)\n    at Function.handle (C:\\projects\\my-blog\\backend\\node_modules\\router\\index.js:186:3)","statusCode":401,"timestamp":"2026-02-14T15:50:22.079Z"}
{"level":"info","message":{"ip":"::1","method":"POST","timestamp":"2026-02-14T15:50:22.080Z","url":"/auth/refresh"},"timestamp":"2026-02-14T15:50:22.080Z"}
{"level":"error","message":"Refresh token gerekli","stack":"Error: Refresh token gerekli\n    at refresh (C:\\projects\\my-blog\\backend\\controllers\\authController.js:135:25)\n    at Layer.handleRequest (C:\\projects\\my-blog\\backend\\node_modules\\router\\lib\\layer.js:152:17)\n    at next (C:\\projects\\my-blog\\backend\\node_modules\\router\\lib\\route.js:157:13)\n    at Route.dispatch (C:\\projects\\my-blog\\backend\\node_modules\\router\\lib\\route.js:117:3)\n    at handle (C:\\projects\\my-blog\\backend\\node_modules\\router\\index.js:435:11)\n    at Layer.handleRequest (C:\\projects\\my-blog\\backend\\node_modules\\router\\lib\\layer.js:152:17)\n    at C:\\projects\\my-blog\\backend\\node_modules\\router\\index.js:295:15\n    at processParams (C:\\projects\\my-blog\\backend\\node_modules\\router\\index.js:582:12)\n    at next (C:\\projects\\my-blog\\backend\\node_modules\\router\\index.js:291:5)\n    at Function.handle (C:\\projects\\my-blog\\backend\\node_modules\\router\\index.js:186:3)","statusCode":401,"timestamp":"2026-02-14T15:50:22.080Z"}
{"level":"info","message":{"ip":"::1","method":"POST","timestamp":"2026-02-14T15:50:44.409Z","url":"/auth/refresh"},"timestamp":"2026-02-14T15:50:44.409Z"}
{"level":"error","message":"Refresh token gerekli","stack":"Error: Refresh token gerekli\n    at refresh (C:\\projects\\my-blog\\backend\\controllers\\authController.js:135:25)\n    at Layer.handleRequest (C:\\projects\\my-blog\\backend\\node_modules\\router\\lib\\layer.js:152:17)\n    at next (C:\\projects\\my-blog\\backend\\node_modules\\router\\lib\\route.js:157:13)\n    at Route.dispatch (C:\\projects\\my-blog\\backend\\node_modules\\router\\lib\\route.js:117:3)\n    at handle (C:\\projects\\my-blog\\backend\\node_modules\\router\\index.js:435:11)\n    at Layer.handleRequest (C:\\projects\\my-blog\\backend\\node_modules\\router\\lib\\layer.js:152:17)\n    at C:\\projects\\my-blog\\backend\\node_modules\\router\\index.js:295:15\n    at processParams (C:\\projects\\my-blog\\backend\\node_modules\\router\\index.js:582:12)\n    at next (C:\\projects\\my-blog\\backend\\node_modules\\router\\index.js:291:5)\n    at Function.handle (C:\\projects\\my-blog\\backend\\node_modules\\router\\index.js:186:3)","statusCode":401,"timestamp":"2026-02-14T15:50:44.410Z"}
{"level":"info","message":{"ip":"::1","method":"POST","timestamp":"2026-02-14T15:50:44.411Z","url":"/auth/refresh"},"timestamp":"2026-02-14T15:50:44.411Z"}
{"level":"error","message":"Refresh token gerekli","stack":"Error: Refresh token gerekli\n    at refresh (C:\\projects\\my-blog\\backend\\controllers\\authController.js:135:25)\n    at Layer.handleRequest (C:\\projects\\my-blog\\backend\\node_modules\\router\\lib\\layer.js:152:17)\n    at next (C:\\projects\\my-blog\\backend\\node_modules\\router\\lib\\route.js:157:13)\n    at Route.dispatch (C:\\projects\\my-blog\\backend\\node_modules\\router\\lib\\route.js:117:3)\n    at handle (C:\\projects\\my-blog\\backend\\node_modules\\router\\index.js:435:11)\n    at Layer.handleRequest (C:\\projects\\my-blog\\backend\\node_modules\\router\\lib\\layer.js:152:17)\n    at C:\\projects\\my-blog\\backend\\node_modules\\router\\index.js:295:15\n    at processParams (C:\\projects\\my-blog\\backend\\node_modules\\router\\index.js:582:12)\n    at next (C:\\projects\\my-blog\\backend\\node_modules\\router\\index.js:291:5)\n    at Function.handle (C:\\projects\\my-blog\\backend\\node_modules\\router\\index.js:186:3)","statusCode":401,"timestamp":"2026-02-14T15:50:44.412Z"}
{"level":"info","message":{"ip":"::1","method":"POST","timestamp":"2026-02-14T15:51:05.212Z","url":"/auth/refresh"},"timestamp":"2026-02-14T15:51:05.212Z"}
{"level":"error","message":"Refresh token gerekli","stack":"Error: Refresh token gerekli\n    at refresh (C:\\projects\\my-blog\\backend\\controllers\\authController.js:135:25)\n    at Layer.handleRequest (C:\\projects\\my-blog\\backend\\node_modules\\router\\lib\\layer.js:152:17)\n    at next (C:\\projects\\my-blog\\backend\\node_modules\\router\\lib\\route.js:157:13)\n    at Route.dispatch (C:\\projects\\my-blog\\backend\\node_modules\\router\\lib\\route.js:117:3)\n    at handle (C:\\projects\\my-blog\\backend\\node_modules\\router\\index.js:435:11)\n    at Layer.handleRequest (C:\\projects\\my-blog\\backend\\node_modules\\router\\lib\\layer.js:152:17)\n    at C:\\projects\\my-blog\\backend\\node_modules\\router\\index.js:295:15\n    at processParams (C:\\projects\\my-blog\\backend\\node_modules\\router\\index.js:582:12)\n    at next (C:\\projects\\my-blog\\backend\\node_modules\\router\\index.js:291:5)\n    at Function.handle (C:\\projects\\my-blog\\backend\\node_modules\\router\\index.js:186:3)","statusCode":401,"timestamp":"2026-02-14T15:51:05.213Z"}
{"level":"info","message":{"ip":"::1","method":"POST","timestamp":"2026-02-14T15:51:05.213Z","url":"/auth/refresh"},"timestamp":"2026-02-14T15:51:05.213Z"}
{"level":"error","message":"Refresh token gerekli","stack":"Error: Refresh token gerekli\n    at refresh (C:\\projects\\my-blog\\backend\\controllers\\authController.js:135:25)\n    at Layer.handleRequest (C:\\projects\\my-blog\\backend\\node_modules\\router\\lib\\layer.js:152:17)\n    at next (C:\\projects\\my-blog\\backend\\node_modules\\router\\lib\\route.js:157:13)\n    at Route.dispatch (C:\\projects\\my-blog\\backend\\node_modules\\router\\lib\\route.js:117:3)\n    at handle (C:\\projects\\my-blog\\backend\\node_modules\\router\\index.js:435:11)\n    at Layer.handleRequest (C:\\projects\\my-blog\\backend\\node_modules\\router\\lib\\layer.js:152:17)\n    at C:\\projects\\my-blog\\backend\\node_modules\\router\\index.js:295:15\n    at processParams (C:\\projects\\my-blog\\backend\\node_modules\\router\\index.js:582:12)\n    at next (C:\\projects\\my-blog\\backend\\node_modules\\router\\index.js:291:5)\n    at Function.handle (C:\\projects\\my-blog\\backend\\node_modules\\router\\index.js:186:3)","statusCode":401,"timestamp":"2026-02-14T15:51:05.214Z"}
